// Jest Snapshot v1, https://goo.gl/fbAQLP

exports[`The test of ViewedItems component ViewedItems was rendered 1`] = `
<Fragment>
  <WithStyles(ForwardRef(ExpansionPanel))
    expanded={false}
    onChange={[Function]}
  >
    <WithStyles(ForwardRef(ExpansionPanelSummary))
      aria-controls="panel4bh-content"
      expandIcon={<Memo(ExpandMoreIcon) />}
      id="panel4bh-header"
    >
      <WithStyles(ForwardRef(Typography))
        className="makeStyles-heading-2"
        style={
          Object {
            "color": "#6A86E8",
          }
        }
      >
        My Viewed Items
      </WithStyles(ForwardRef(Typography))>
    </WithStyles(ForwardRef(ExpansionPanelSummary))>
    <WithStyles(ForwardRef(ExpansionPanelDetails))
      className="makeStyles-expansionPanelDetails-1"
    >
      <WithStyles(ForwardRef(Typography))>
        Nunc vitae orci ultricies, auctor nunc in, volutpat nisl. Integer sit amet egestas eros, vitae egestas augue. Duis vel est augue.
      </WithStyles(ForwardRef(Typography))>
    </WithStyles(ForwardRef(ExpansionPanelDetails))>
  </WithStyles(ForwardRef(ExpansionPanel))>
</Fragment>
`;
