// Jest Snapshot v1, https://goo.gl/fbAQLP

exports[`The test of MainCarousel component MainCarousel was rendered 1`] = `<Preloader />`;
